// Jest Snapshot v1, https://goo.gl/fbAQLP

exports[`The display elements should not regress 1`] = `undefined`;
